2025-08-01 14:27:12,319 [           main] WARN  org.jline                                - Unable to create a system terminal, creating a dumb terminal (enable debug logging for more information)
2025-08-01 14:27:12,368 [           main] ERROR o.springframework.boot.SpringApplication - Application run failed
org.springframework.shell.CommandNotFound: No command found for '--version'
	at org.springframework.shell.Shell.evaluate(Shell.java:207)
	at org.springframework.shell.Shell.run(Shell.java:159)
	at org.springframework.shell.jline.NonInteractiveShellRunner.run(NonInteractiveShellRunner.java:146)
	at com.bloxbean.cardano.yacicli.CustomShellRunner.run(CustomShellRunner.java:29)
	at org.springframework.shell.DefaultShellApplicationRunner.run(DefaultShellApplicationRunner.java:65)
	at org.springframework.boot.SpringApplication.lambda$callRunner$4(SpringApplication.java:786)
	at org.springframework.util.function.ThrowingConsumer$1.acceptWithException(ThrowingConsumer.java:83)
	at org.springframework.util.function.ThrowingConsumer.accept(ThrowingConsumer.java:60)
	at org.springframework.util.function.ThrowingConsumer$1.accept(ThrowingConsumer.java:88)
	at org.springframework.boot.SpringApplication.callRunner(SpringApplication.java:798)
	at org.springframework.boot.SpringApplication.callRunner(SpringApplication.java:786)
	at org.springframework.boot.SpringApplication.lambda$callRunners$3(SpringApplication.java:774)
	at java.base@21.0.7/java.util.stream.ForEachOps$ForEachOp$OfRef.accept(ForEachOps.java:184)
	at java.base@21.0.7/java.util.stream.SortedOps$SizedRefSortingSink.end(SortedOps.java:357)
	at java.base@21.0.7/java.util.stream.AbstractPipeline.copyInto(AbstractPipeline.java:510)
	at java.base@21.0.7/java.util.stream.AbstractPipeline.wrapAndCopyInto(AbstractPipeline.java:499)
	at java.base@21.0.7/java.util.stream.ForEachOps$ForEachOp.evaluateSequential(ForEachOps.java:151)
	at java.base@21.0.7/java.util.stream.ForEachOps$ForEachOp$OfRef.evaluateSequential(ForEachOps.java:174)
	at java.base@21.0.7/java.util.stream.AbstractPipeline.evaluate(AbstractPipeline.java:234)
	at java.base@21.0.7/java.util.stream.ReferencePipeline.forEach(ReferencePipeline.java:596)
	at org.springframework.boot.SpringApplication.callRunners(SpringApplication.java:774)
	at org.springframework.boot.SpringApplication.run(SpringApplication.java:341)
	at org.springframework.boot.builder.SpringApplicationBuilder.run(SpringApplicationBuilder.java:149)
	at com.bloxbean.cardano.yacicli.YaciCliApplication.main(YaciCliApplication.java:23)
	at java.base@21.0.7/java.lang.invoke.LambdaForm$DMH/sa346b79c.invokeStaticInit(LambdaForm$DMH)
2025-08-01 14:27:28,794 [           main] WARN  org.jline                                - Unable to create a system terminal, creating a dumb terminal (enable debug logging for more information)
2025-08-01 14:27:49,288 [           main] WARN  org.jline                                - Unable to create a system terminal, creating a dumb terminal (enable debug logging for more information)
